// Jest Snapshot v1, https://goo.gl/fbAQLP

exports[`narrations: snapshot should match snapshot for each individual narration: narration-step-0 1`] = `"这是示例章节的第一步。把这一行换成你这一步的口播文案。"`;

exports[`narrations: snapshot should match snapshot for each individual narration: narration-step-1 1`] = `"第二步。每个数组元素对应章节里 step === N 的那一屏。长度必须严格相等。"`;

exports[`narrations: snapshot should match snapshot for each individual narration: narration-step-2 1`] = `"第三步。这个数组就是音频合成 + 自动播放的唯一真相源——再也不会和章节代码漂移。"`;

exports[`narrations: snapshot should match snapshot for generated audio segments 1`] = `
[
  {
    "audio": "example/1.mp3",
    "chapter": "example",
    "step": 1,
    "text": "这是示例章节的第一步。把这一行换成你这一步的口播文案。",
  },
  {
    "audio": "example/2.mp3",
    "chapter": "example",
    "step": 2,
    "text": "第二步。每个数组元素对应章节里 step === N 的那一屏。长度必须严格相等。",
  },
  {
    "audio": "example/3.mp3",
    "chapter": "example",
    "step": 3,
    "text": "第三步。这个数组就是音频合成 + 自动播放的唯一真相源——再也不会和章节代码漂移。",
  },
]
`;

exports[`narrations: snapshot should match snapshot for narrations array 1`] = `
[
  "这是示例章节的第一步。把这一行换成你这一步的口播文案。",
  "第二步。每个数组元素对应章节里 step === N 的那一屏。长度必须严格相等。",
  "第三步。这个数组就是音频合成 + 自动播放的唯一真相源——再也不会和章节代码漂移。",
]
`;
